// Jest Snapshot v1, https://goo.gl/fbAQLP

exports[`Booking component Should render the proper booking component 1`] = `
Object {
  "asFragment": [Function],
  "baseElement": <body>
    <div>
      <div
        class="relative flex flex-col bg-clip-border rounded-xl text-gray-700 shadow-md mt-8 max-w-sm mx-auto bg-white/90 backdrop-blur-md"
      >
        <div
          class="relative bg-clip-border mx-4 rounded-xl overflow-hidden shadow-lg -mt-6 mb-4 grid h-28 place-items-center text-white bg-black/50 backdrop-blur-md"
        >
          <h3
            class="block antialiased text-3xl leading-snug text-white font-osans uppercase tracking-widest font-light"
          >
            Book a Car
          </h3>
        </div>
        <div
          class="p-6 text-center"
        >
          <h5
            class="block antialiased tracking-normal font-sans text-xl font-semibold leading-snug text-inherit mb-2"
          >
            Kind Note
          </h5>
          <p
            class="block antialiased font-sans text-base font-light leading-relaxed text-inherit text-left"
          >
            From Lamborghini to Mercedes, we have it all. El Dorado provides you with the best luxary car rental services worldwide.
          </p>
        </div>
        <div
          class="p-6 flex flex-col gap-4 text-red-500"
        >
          <div
            class="ant-picker ant-picker-large css-dev-only-do-not-override-sk7ap8"
          >
            <div
              class="ant-picker-input"
            >
              <input
                autocomplete="off"
                placeholder="Pickup Date"
                readonly=""
                size="12"
                title=""
                value=""
              />
              <span
                class="ant-picker-suffix"
              >
                <span
                  aria-label="calendar"
                  class="anticon anticon-calendar"
                  role="img"
                >
                  <svg
                    aria-hidden="true"
                    data-icon="calendar"
                    fill="currentColor"
                    focusable="false"
                    height="1em"
                    viewBox="64 64 896 896"
                    width="1em"
                  >
                    <path
                      d="M880 184H712v-64c0-4.4-3.6-8-8-8h-56c-4.4 0-8 3.6-8 8v64H384v-64c0-4.4-3.6-8-8-8h-56c-4.4 0-8 3.6-8 8v64H144c-17.7 0-32 14.3-32 32v664c0 17.7 14.3 32 32 32h736c17.7 0 32-14.3 32-32V216c0-17.7-14.3-32-32-32zm-40 656H184V460h656v380zM184 392V256h128v48c0 4.4 3.6 8 8 8h56c4.4 0 8-3.6 8-8v-48h256v48c0 4.4 3.6 8 8 8h56c4.4 0 8-3.6 8-8v-48h128v136H184z"
                    />
                  </svg>
                </span>
              </span>
            </div>
          </div>
          <div
            class="ant-picker ant-picker-large css-dev-only-do-not-override-sk7ap8"
          >
            <div
              class="ant-picker-input"
            >
              <input
                autocomplete="off"
                placeholder="Return Date"
                readonly=""
                size="12"
                title=""
                value=""
              />
              <span
                class="ant-picker-suffix"
              >
                <span
                  aria-label="calendar"
                  class="anticon anticon-calendar"
                  role="img"
                >
                  <svg
                    aria-hidden="true"
                    data-icon="calendar"
                    fill="currentColor"
                    focusable="false"
                    height="1em"
                    viewBox="64 64 896 896"
                    width="1em"
                  >
                    <path
                      d="M880 184H712v-64c0-4.4-3.6-8-8-8h-56c-4.4 0-8 3.6-8 8v64H384v-64c0-4.4-3.6-8-8-8h-56c-4.4 0-8 3.6-8 8v64H144c-17.7 0-32 14.3-32 32v664c0 17.7 14.3 32 32 32h736c17.7 0 32-14.3 32-32V216c0-17.7-14.3-32-32-32zm-40 656H184V460h656v380zM184 392V256h128v48c0 4.4 3.6 8 8 8h56c4.4 0 8-3.6 8-8v-48h256v48c0 4.4 3.6 8 8 8h56c4.4 0 8-3.6 8-8v-48h128v136H184z"
                    />
                  </svg>
                </span>
              </span>
            </div>
          </div>
          <div
            class="relative w-full min-w-[200px] h-10"
          >
            <button
              aria-expanded="false"
              aria-haspopup="listbox"
              class="peer w-full h-full bg-transparent text-blue-gray-700 font-sans font-normal text-left outline outline-0 focus:outline-0 disabled:bg-blue-gray-50 disabled:border-0 transition-all border text-sm px-3 py-2.5 rounded-[7px] border-blue-gray-200"
              name="car"
              required=""
              role="combobox"
              type="button"
            >
              <span
                class="absolute top-2/4 -translate-y-2/4 left-3 pt-0.5"
              />
              <div
                class="grid place-items-center absolute top-2/4 right-2 pt-px w-5 h-5 text-blue-gray-400 rotate-0 -translate-y-2/4 transition-all"
              >
                <svg
                  fill="currentColor"
                  viewBox="0 0 20 20"
                  xmlns="http://www.w3.org/2000/svg"
                >
                  <path
                    clip-rule="evenodd"
                    d="M5.293 7.293a1 1 0 011.414 0L10 10.586l3.293-3.293a1 1 0 111.414 1.414l-4 4a1 1 0 01-1.414 0l-4-4a1 1 0 010-1.414z"
                    fill-rule="evenodd"
                  />
                </svg>
              </div>
            </button>
            <label
              class="flex w-full h-full select-none pointer-events-none absolute left-0 font-normal transition-all -top-1.5 before:content[' '] before:block before:box-border before:w-2.5 before:h-1.5 before:mt-[6.5px] before:mr-1 before:rounded-tl-md before:pointer-events-none before:transition-all peer-disabled:before:border-transparent after:content[' '] after:block after:flex-grow after:box-border after:w-2.5 after:h-1.5 after:mt-[6.5px] after:ml-1 after:rounded-tr-md after:pointer-events-none after:transition-all peer-disabled:after:border-transparent text-sm peer-disabled:text-blue-gray-400 leading-[3.75] text-blue-gray-400 before:border-transparent after:border-transparent"
            >
              Select a car
            </label>
          </div>
        </div>
        <div
          class="p-6 pt-0"
        >
          <button
            class="middle none font-sans font-bold center transition-all disabled:opacity-50 disabled:shadow-none disabled:pointer-events-none text-xs py-3 px-6 rounded-lg bg-gradient-to-tr from-amber-600 to-amber-400 text-black shadow-md shadow-amber-500/20 hover:shadow-lg hover:shadow-amber-500/40 active:opacity-[0.85] w-full capitalize flex justify-center items-center"
            type="button"
          >
            <span>
              Add Car
            </span>
          </button>
        </div>
      </div>
      ,
    </div>
  </body>,
  "container": <div>
    <div
      class="relative flex flex-col bg-clip-border rounded-xl text-gray-700 shadow-md mt-8 max-w-sm mx-auto bg-white/90 backdrop-blur-md"
    >
      <div
        class="relative bg-clip-border mx-4 rounded-xl overflow-hidden shadow-lg -mt-6 mb-4 grid h-28 place-items-center text-white bg-black/50 backdrop-blur-md"
      >
        <h3
          class="block antialiased text-3xl leading-snug text-white font-osans uppercase tracking-widest font-light"
        >
          Book a Car
        </h3>
      </div>
      <div
        class="p-6 text-center"
      >
        <h5
          class="block antialiased tracking-normal font-sans text-xl font-semibold leading-snug text-inherit mb-2"
        >
          Kind Note
        </h5>
        <p
          class="block antialiased font-sans text-base font-light leading-relaxed text-inherit text-left"
        >
          From Lamborghini to Mercedes, we have it all. El Dorado provides you with the best luxary car rental services worldwide.
        </p>
      </div>
      <div
        class="p-6 flex flex-col gap-4 text-red-500"
      >
        <div
          class="ant-picker ant-picker-large css-dev-only-do-not-override-sk7ap8"
        >
          <div
            class="ant-picker-input"
          >
            <input
              autocomplete="off"
              placeholder="Pickup Date"
              readonly=""
              size="12"
              title=""
              value=""
            />
            <span
              class="ant-picker-suffix"
            >
              <span
                aria-label="calendar"
                class="anticon anticon-calendar"
                role="img"
              >
                <svg
                  aria-hidden="true"
                  data-icon="calendar"
                  fill="currentColor"
                  focusable="false"
                  height="1em"
                  viewBox="64 64 896 896"
                  width="1em"
                >
                  <path
                    d="M880 184H712v-64c0-4.4-3.6-8-8-8h-56c-4.4 0-8 3.6-8 8v64H384v-64c0-4.4-3.6-8-8-8h-56c-4.4 0-8 3.6-8 8v64H144c-17.7 0-32 14.3-32 32v664c0 17.7 14.3 32 32 32h736c17.7 0 32-14.3 32-32V216c0-17.7-14.3-32-32-32zm-40 656H184V460h656v380zM184 392V256h128v48c0 4.4 3.6 8 8 8h56c4.4 0 8-3.6 8-8v-48h256v48c0 4.4 3.6 8 8 8h56c4.4 0 8-3.6 8-8v-48h128v136H184z"
                  />
                </svg>
              </span>
            </span>
          </div>
        </div>
        <div
          class="ant-picker ant-picker-large css-dev-only-do-not-override-sk7ap8"
        >
          <div
            class="ant-picker-input"
          >
            <input
              autocomplete="off"
              placeholder="Return Date"
              readonly=""
              size="12"
              title=""
              value=""
            />
            <span
              class="ant-picker-suffix"
            >
              <span
                aria-label="calendar"
                class="anticon anticon-calendar"
                role="img"
              >
                <svg
                  aria-hidden="true"
                  data-icon="calendar"
                  fill="currentColor"
                  focusable="false"
                  height="1em"
                  viewBox="64 64 896 896"
                  width="1em"
                >
                  <path
                    d="M880 184H712v-64c0-4.4-3.6-8-8-8h-56c-4.4 0-8 3.6-8 8v64H384v-64c0-4.4-3.6-8-8-8h-56c-4.4 0-8 3.6-8 8v64H144c-17.7 0-32 14.3-32 32v664c0 17.7 14.3 32 32 32h736c17.7 0 32-14.3 32-32V216c0-17.7-14.3-32-32-32zm-40 656H184V460h656v380zM184 392V256h128v48c0 4.4 3.6 8 8 8h56c4.4 0 8-3.6 8-8v-48h256v48c0 4.4 3.6 8 8 8h56c4.4 0 8-3.6 8-8v-48h128v136H184z"
                  />
                </svg>
              </span>
            </span>
          </div>
        </div>
        <div
          class="relative w-full min-w-[200px] h-10"
        >
          <button
            aria-expanded="false"
            aria-haspopup="listbox"
            class="peer w-full h-full bg-transparent text-blue-gray-700 font-sans font-normal text-left outline outline-0 focus:outline-0 disabled:bg-blue-gray-50 disabled:border-0 transition-all border text-sm px-3 py-2.5 rounded-[7px] border-blue-gray-200"
            name="car"
            required=""
            role="combobox"
            type="button"
          >
            <span
              class="absolute top-2/4 -translate-y-2/4 left-3 pt-0.5"
            />
            <div
              class="grid place-items-center absolute top-2/4 right-2 pt-px w-5 h-5 text-blue-gray-400 rotate-0 -translate-y-2/4 transition-all"
            >
              <svg
                fill="currentColor"
                viewBox="0 0 20 20"
                xmlns="http://www.w3.org/2000/svg"
              >
                <path
                  clip-rule="evenodd"
                  d="M5.293 7.293a1 1 0 011.414 0L10 10.586l3.293-3.293a1 1 0 111.414 1.414l-4 4a1 1 0 01-1.414 0l-4-4a1 1 0 010-1.414z"
                  fill-rule="evenodd"
                />
              </svg>
            </div>
          </button>
          <label
            class="flex w-full h-full select-none pointer-events-none absolute left-0 font-normal transition-all -top-1.5 before:content[' '] before:block before:box-border before:w-2.5 before:h-1.5 before:mt-[6.5px] before:mr-1 before:rounded-tl-md before:pointer-events-none before:transition-all peer-disabled:before:border-transparent after:content[' '] after:block after:flex-grow after:box-border after:w-2.5 after:h-1.5 after:mt-[6.5px] after:ml-1 after:rounded-tr-md after:pointer-events-none after:transition-all peer-disabled:after:border-transparent text-sm peer-disabled:text-blue-gray-400 leading-[3.75] text-blue-gray-400 before:border-transparent after:border-transparent"
          >
            Select a car
          </label>
        </div>
      </div>
      <div
        class="p-6 pt-0"
      >
        <button
          class="middle none font-sans font-bold center transition-all disabled:opacity-50 disabled:shadow-none disabled:pointer-events-none text-xs py-3 px-6 rounded-lg bg-gradient-to-tr from-amber-600 to-amber-400 text-black shadow-md shadow-amber-500/20 hover:shadow-lg hover:shadow-amber-500/40 active:opacity-[0.85] w-full capitalize flex justify-center items-center"
          type="button"
        >
          <span>
            Add Car
          </span>
        </button>
      </div>
    </div>
    ,
  </div>,
  "debug": [Function],
  "findAllByAltText": [Function],
  "findAllByDisplayValue": [Function],
  "findAllByLabelText": [Function],
  "findAllByPlaceholderText": [Function],
  "findAllByRole": [Function],
  "findAllByTestId": [Function],
  "findAllByText": [Function],
  "findAllByTitle": [Function],
  "findByAltText": [Function],
  "findByDisplayValue": [Function],
  "findByLabelText": [Function],
  "findByPlaceholderText": [Function],
  "findByRole": [Function],
  "findByTestId": [Function],
  "findByText": [Function],
  "findByTitle": [Function],
  "getAllByAltText": [Function],
  "getAllByDisplayValue": [Function],
  "getAllByLabelText": [Function],
  "getAllByPlaceholderText": [Function],
  "getAllByRole": [Function],
  "getAllByTestId": [Function],
  "getAllByText": [Function],
  "getAllByTitle": [Function],
  "getByAltText": [Function],
  "getByDisplayValue": [Function],
  "getByLabelText": [Function],
  "getByPlaceholderText": [Function],
  "getByRole": [Function],
  "getByTestId": [Function],
  "getByText": [Function],
  "getByTitle": [Function],
  "queryAllByAltText": [Function],
  "queryAllByDisplayValue": [Function],
  "queryAllByLabelText": [Function],
  "queryAllByPlaceholderText": [Function],
  "queryAllByRole": [Function],
  "queryAllByTestId": [Function],
  "queryAllByText": [Function],
  "queryAllByTitle": [Function],
  "queryByAltText": [Function],
  "queryByDisplayValue": [Function],
  "queryByLabelText": [Function],
  "queryByPlaceholderText": [Function],
  "queryByRole": [Function],
  "queryByTestId": [Function],
  "queryByText": [Function],
  "queryByTitle": [Function],
  "rerender": [Function],
  "unmount": [Function],
}
`;
