// Jest Snapshot v1, https://goo.gl/fbAQLP

exports[`Home Page Should render the proper Home Page 1`] = `
Object {
  "asFragment": [Function],
  "baseElement": <body>
    <div>
      <div>
        <h1
          class="block antialiased text-inherit uppercase font-osans mt-3 font-extralight tracking-widest mb-3 text-center sl:ml-2 text-[1.37rem] leading-7 sm:text-2xl md:text-3xl border-b-2 pb-2"
        >
          Latest Models
        </h1>
      </div>
      <div
        class="relative max-w-[800px] mx-auto flex flex-col mt-6"
      >
        <div
          class="ant-carousel css-dev-only-do-not-override-sk7ap8"
        >
          <div
            class="slick-slider mx-auto max-w-[500px] slick-initialized"
          >
            <div
              class="slick-list"
            >
              <div
                class="slick-track"
                style="opacity: 1;"
              />
            </div>
          </div>
        </div>
        <button
          class="group rounded-full bg-amber-400 drop-shadow-md shadow-amber-500 flex justify-center items-center border-none absolute top-1/2 left-5"
          type="button"
        >
          <svg
            aria-hidden="true"
            class="stroke-gray-600 w-7 group-hover:-translate-x-0.5 duration-300 group-active:stroke-white"
            fill="none"
            stroke="currentColor"
            stroke-width="1.5"
            viewBox="0 0 24 24"
            xmlns="http://www.w3.org/2000/svg"
          >
            <path
              d="M15.75 19.5L8.25 12l7.5-7.5"
              stroke-linecap="round"
              stroke-linejoin="round"
            />
          </svg>
        </button>
        <button
          class="group rounded-full bg-amber-400 drop-shadow-md shadow-amber-500 flex  justify-center items-center border-none absolute top-1/2 right-5"
          type="button"
        >
          <svg
            aria-hidden="true"
            class="stroke-gray-600 w-7 group-hover:translate-x-0.5 duration-300 group-active:stroke-white"
            fill="none"
            stroke="currentColor"
            stroke-width="1.5"
            viewBox="0 0 24 24"
            xmlns="http://www.w3.org/2000/svg"
          >
            <path
              d="M8.25 4.5l7.5 7.5-7.5 7.5"
              stroke-linecap="round"
              stroke-linejoin="round"
            />
          </svg>
        </button>
        <button
          class="group active:rotate-180 duration-300 rounded-full bg-amber-400 self-center drop-shadow-md shadow-amber-500 flex  justify-center items-center border-none"
          type="button"
        >
          <svg
            aria-hidden="true"
            class="stroke-gray-600 w-7 duration-300 group-active:stroke-white"
            fill="none"
            stroke="currentColor"
            stroke-width="1.5"
            viewBox="0 0 24 24"
            xmlns="http://www.w3.org/2000/svg"
          >
            <path
              d="M16.023 9.348h4.992v-.001M2.985 19.644v-4.992m0 0h4.992m-4.993 0l3.181 3.183a8.25 8.25 0 0013.803-3.7M4.031 9.865a8.25 8.25 0 0113.803-3.7l3.181 3.182m0-4.991v4.99"
              stroke-linecap="round"
              stroke-linejoin="round"
            />
          </svg>
        </button>
      </div>
      ,
    </div>
  </body>,
  "container": <div>
    <div>
      <h1
        class="block antialiased text-inherit uppercase font-osans mt-3 font-extralight tracking-widest mb-3 text-center sl:ml-2 text-[1.37rem] leading-7 sm:text-2xl md:text-3xl border-b-2 pb-2"
      >
        Latest Models
      </h1>
    </div>
    <div
      class="relative max-w-[800px] mx-auto flex flex-col mt-6"
    >
      <div
        class="ant-carousel css-dev-only-do-not-override-sk7ap8"
      >
        <div
          class="slick-slider mx-auto max-w-[500px] slick-initialized"
        >
          <div
            class="slick-list"
          >
            <div
              class="slick-track"
              style="opacity: 1;"
            />
          </div>
        </div>
      </div>
      <button
        class="group rounded-full bg-amber-400 drop-shadow-md shadow-amber-500 flex justify-center items-center border-none absolute top-1/2 left-5"
        type="button"
      >
        <svg
          aria-hidden="true"
          class="stroke-gray-600 w-7 group-hover:-translate-x-0.5 duration-300 group-active:stroke-white"
          fill="none"
          stroke="currentColor"
          stroke-width="1.5"
          viewBox="0 0 24 24"
          xmlns="http://www.w3.org/2000/svg"
        >
          <path
            d="M15.75 19.5L8.25 12l7.5-7.5"
            stroke-linecap="round"
            stroke-linejoin="round"
          />
        </svg>
      </button>
      <button
        class="group rounded-full bg-amber-400 drop-shadow-md shadow-amber-500 flex  justify-center items-center border-none absolute top-1/2 right-5"
        type="button"
      >
        <svg
          aria-hidden="true"
          class="stroke-gray-600 w-7 group-hover:translate-x-0.5 duration-300 group-active:stroke-white"
          fill="none"
          stroke="currentColor"
          stroke-width="1.5"
          viewBox="0 0 24 24"
          xmlns="http://www.w3.org/2000/svg"
        >
          <path
            d="M8.25 4.5l7.5 7.5-7.5 7.5"
            stroke-linecap="round"
            stroke-linejoin="round"
          />
        </svg>
      </button>
      <button
        class="group active:rotate-180 duration-300 rounded-full bg-amber-400 self-center drop-shadow-md shadow-amber-500 flex  justify-center items-center border-none"
        type="button"
      >
        <svg
          aria-hidden="true"
          class="stroke-gray-600 w-7 duration-300 group-active:stroke-white"
          fill="none"
          stroke="currentColor"
          stroke-width="1.5"
          viewBox="0 0 24 24"
          xmlns="http://www.w3.org/2000/svg"
        >
          <path
            d="M16.023 9.348h4.992v-.001M2.985 19.644v-4.992m0 0h4.992m-4.993 0l3.181 3.183a8.25 8.25 0 0013.803-3.7M4.031 9.865a8.25 8.25 0 0113.803-3.7l3.181 3.182m0-4.991v4.99"
            stroke-linecap="round"
            stroke-linejoin="round"
          />
        </svg>
      </button>
    </div>
    ,
  </div>,
  "debug": [Function],
  "findAllByAltText": [Function],
  "findAllByDisplayValue": [Function],
  "findAllByLabelText": [Function],
  "findAllByPlaceholderText": [Function],
  "findAllByRole": [Function],
  "findAllByTestId": [Function],
  "findAllByText": [Function],
  "findAllByTitle": [Function],
  "findByAltText": [Function],
  "findByDisplayValue": [Function],
  "findByLabelText": [Function],
  "findByPlaceholderText": [Function],
  "findByRole": [Function],
  "findByTestId": [Function],
  "findByText": [Function],
  "findByTitle": [Function],
  "getAllByAltText": [Function],
  "getAllByDisplayValue": [Function],
  "getAllByLabelText": [Function],
  "getAllByPlaceholderText": [Function],
  "getAllByRole": [Function],
  "getAllByTestId": [Function],
  "getAllByText": [Function],
  "getAllByTitle": [Function],
  "getByAltText": [Function],
  "getByDisplayValue": [Function],
  "getByLabelText": [Function],
  "getByPlaceholderText": [Function],
  "getByRole": [Function],
  "getByTestId": [Function],
  "getByText": [Function],
  "getByTitle": [Function],
  "queryAllByAltText": [Function],
  "queryAllByDisplayValue": [Function],
  "queryAllByLabelText": [Function],
  "queryAllByPlaceholderText": [Function],
  "queryAllByRole": [Function],
  "queryAllByTestId": [Function],
  "queryAllByText": [Function],
  "queryAllByTitle": [Function],
  "queryByAltText": [Function],
  "queryByDisplayValue": [Function],
  "queryByLabelText": [Function],
  "queryByPlaceholderText": [Function],
  "queryByRole": [Function],
  "queryByTestId": [Function],
  "queryByText": [Function],
  "queryByTitle": [Function],
  "rerender": [Function],
  "unmount": [Function],
}
`;
