// Jest Snapshot v1, https://goo.gl/fbAQLP

exports[`Register component Should render the proper Register component 1`] = `
Object {
  "asFragment": [Function],
  "baseElement": <body>
    <div>
      <div
        class="flex flex-col bg-clip-border rounded-xl text-gray-700 shadow-md max-w-sm mt-5 mx-auto bg-white/90 backdrop-blur-md relative top-6"
      >
        <div
          class="relative bg-clip-border mx-4 rounded-xl overflow-hidden bg-gradient-to-tr from-amber-600 to-amber-400 text-gray-700 shadow-amber-500/40 shadow-lg -mt-6 mb-4 grid h-28 place-items-center"
        >
          <h3
            class="block antialiased text-3xl leading-snug text-white font-osans uppercase tracking-widest font-light"
          >
            Register
          </h3>
        </div>
        <form
          action="#"
        >
          <div
            class="p-6 flex flex-col gap-4"
          >
            <div
              class="relative w-full min-w-[200px] h-11"
            >
              <input
                class="peer w-full h-full bg-transparent text-blue-gray-700 font-sans font-normal outline outline-0 focus:outline-0 disabled:bg-blue-gray-50 disabled:border-0 transition-all placeholder-shown:border placeholder-shown:border-blue-gray-200 placeholder-shown:border-t-blue-gray-200 border focus:border-2 border-t-transparent focus:border-t-transparent text-sm px-3 py-3 rounded-md border-blue-gray-200 focus:border-amber-500"
                name="name"
                placeholder=" "
                value=""
              />
              <label
                class="flex w-full h-full select-none pointer-events-none absolute left-0 font-normal peer-placeholder-shown:text-blue-gray-500 leading-tight peer-focus:leading-tight peer-disabled:text-transparent peer-disabled:peer-placeholder-shown:text-blue-gray-500 transition-all -top-1.5 peer-placeholder-shown:text-sm text-[11px] peer-focus:text-[11px] before:content[' '] before:block before:box-border before:w-2.5 before:h-1.5 before:mt-[6.5px] before:mr-1 peer-placeholder-shown:before:border-transparent before:rounded-tl-md before:border-t peer-focus:before:border-t-2 before:border-l peer-focus:before:border-l-2 before:pointer-events-none before:transition-all peer-disabled:before:border-transparent after:content[' '] after:block after:flex-grow after:box-border after:w-2.5 after:h-1.5 after:mt-[6.5px] after:ml-1 peer-placeholder-shown:after:border-transparent after:rounded-tr-md after:border-t peer-focus:after:border-t-2 after:border-r peer-focus:after:border-r-2 after:pointer-events-none after:transition-all peer-disabled:after:border-transparent peer-placeholder-shown:leading-[4.1] text-blue-gray-400 peer-focus:text-amber-500 before:border-blue-gray-200 peer-focus:before:border-amber-500 after:border-blue-gray-200 peer-focus:after:border-amber-500"
              >
                Name
                 
              </label>
            </div>
            <div
              class="relative w-full min-w-[200px] h-11"
            >
              <input
                class="peer w-full h-full bg-transparent text-blue-gray-700 font-sans font-normal outline outline-0 focus:outline-0 disabled:bg-blue-gray-50 disabled:border-0 transition-all placeholder-shown:border placeholder-shown:border-blue-gray-200 placeholder-shown:border-t-blue-gray-200 border focus:border-2 border-t-transparent focus:border-t-transparent text-sm px-3 py-3 rounded-md border-blue-gray-200 focus:border-amber-500"
                name="email"
                placeholder=" "
                value=""
              />
              <label
                class="flex w-full h-full select-none pointer-events-none absolute left-0 font-normal peer-placeholder-shown:text-blue-gray-500 leading-tight peer-focus:leading-tight peer-disabled:text-transparent peer-disabled:peer-placeholder-shown:text-blue-gray-500 transition-all -top-1.5 peer-placeholder-shown:text-sm text-[11px] peer-focus:text-[11px] before:content[' '] before:block before:box-border before:w-2.5 before:h-1.5 before:mt-[6.5px] before:mr-1 peer-placeholder-shown:before:border-transparent before:rounded-tl-md before:border-t peer-focus:before:border-t-2 before:border-l peer-focus:before:border-l-2 before:pointer-events-none before:transition-all peer-disabled:before:border-transparent after:content[' '] after:block after:flex-grow after:box-border after:w-2.5 after:h-1.5 after:mt-[6.5px] after:ml-1 peer-placeholder-shown:after:border-transparent after:rounded-tr-md after:border-t peer-focus:after:border-t-2 after:border-r peer-focus:after:border-r-2 after:pointer-events-none after:transition-all peer-disabled:after:border-transparent peer-placeholder-shown:leading-[4.1] text-blue-gray-400 peer-focus:text-amber-500 before:border-blue-gray-200 peer-focus:before:border-amber-500 after:border-blue-gray-200 peer-focus:after:border-amber-500"
              >
                Email
                 
              </label>
            </div>
            <div
              class="relative w-full min-w-[200px] h-11"
            >
              <input
                class="peer w-full h-full bg-transparent text-blue-gray-700 font-sans font-normal outline outline-0 focus:outline-0 disabled:bg-blue-gray-50 disabled:border-0 transition-all placeholder-shown:border placeholder-shown:border-blue-gray-200 placeholder-shown:border-t-blue-gray-200 border focus:border-2 border-t-transparent focus:border-t-transparent text-sm px-3 py-3 rounded-md border-blue-gray-200 focus:border-amber-500"
                name="password"
                placeholder=" "
                type="password"
                value=""
              />
              <label
                class="flex w-full h-full select-none pointer-events-none absolute left-0 font-normal peer-placeholder-shown:text-blue-gray-500 leading-tight peer-focus:leading-tight peer-disabled:text-transparent peer-disabled:peer-placeholder-shown:text-blue-gray-500 transition-all -top-1.5 peer-placeholder-shown:text-sm text-[11px] peer-focus:text-[11px] before:content[' '] before:block before:box-border before:w-2.5 before:h-1.5 before:mt-[6.5px] before:mr-1 peer-placeholder-shown:before:border-transparent before:rounded-tl-md before:border-t peer-focus:before:border-t-2 before:border-l peer-focus:before:border-l-2 before:pointer-events-none before:transition-all peer-disabled:before:border-transparent after:content[' '] after:block after:flex-grow after:box-border after:w-2.5 after:h-1.5 after:mt-[6.5px] after:ml-1 peer-placeholder-shown:after:border-transparent after:rounded-tr-md after:border-t peer-focus:after:border-t-2 after:border-r peer-focus:after:border-r-2 after:pointer-events-none after:transition-all peer-disabled:after:border-transparent peer-placeholder-shown:leading-[4.1] text-blue-gray-400 peer-focus:text-amber-500 before:border-blue-gray-200 peer-focus:before:border-amber-500 after:border-blue-gray-200 peer-focus:after:border-amber-500"
              >
                Password
                 
              </label>
            </div>
            <div
              class="relative w-full min-w-[200px] h-11"
            >
              <input
                class="peer w-full h-full bg-transparent text-blue-gray-700 font-sans font-normal outline outline-0 focus:outline-0 disabled:bg-blue-gray-50 disabled:border-0 transition-all placeholder-shown:border placeholder-shown:border-blue-gray-200 placeholder-shown:border-t-blue-gray-200 border focus:border-2 border-t-transparent focus:border-t-transparent text-sm px-3 py-3 rounded-md border-blue-gray-200 focus:border-amber-500"
                name="passwordConfirmation"
                placeholder=" "
                type="password"
                value=""
              />
              <label
                class="flex w-full h-full select-none pointer-events-none absolute left-0 font-normal peer-placeholder-shown:text-blue-gray-500 leading-tight peer-focus:leading-tight peer-disabled:text-transparent peer-disabled:peer-placeholder-shown:text-blue-gray-500 transition-all -top-1.5 peer-placeholder-shown:text-sm text-[11px] peer-focus:text-[11px] before:content[' '] before:block before:box-border before:w-2.5 before:h-1.5 before:mt-[6.5px] before:mr-1 peer-placeholder-shown:before:border-transparent before:rounded-tl-md before:border-t peer-focus:before:border-t-2 before:border-l peer-focus:before:border-l-2 before:pointer-events-none before:transition-all peer-disabled:before:border-transparent after:content[' '] after:block after:flex-grow after:box-border after:w-2.5 after:h-1.5 after:mt-[6.5px] after:ml-1 peer-placeholder-shown:after:border-transparent after:rounded-tr-md after:border-t peer-focus:after:border-t-2 after:border-r peer-focus:after:border-r-2 after:pointer-events-none after:transition-all peer-disabled:after:border-transparent peer-placeholder-shown:leading-[4.1] text-blue-gray-400 peer-focus:text-amber-500 before:border-blue-gray-200 peer-focus:before:border-amber-500 after:border-blue-gray-200 peer-focus:after:border-amber-500"
              >
                Confirm Password
                 
              </label>
            </div>
          </div>
          <div
            class="p-6 pt-0"
          >
            <button
              class="middle none font-sans font-bold center uppercase transition-all disabled:opacity-50 disabled:shadow-none disabled:pointer-events-none text-xs py-3 px-6 rounded-lg bg-gradient-to-tr from-amber-600 to-amber-400 text-black shadow-md shadow-amber-500/20 hover:shadow-lg hover:shadow-amber-500/40 active:opacity-[0.85] w-full flex justify-center items-center"
              disabled=""
              type="submit"
            >
              <span>
                Register
              </span>
            </button>
            <p
              class="antialiased font-sans text-sm font-light leading-normal text-inherit mt-6 flex justify-center"
            >
              Have have an account?
              <a
                class="ml-1 font-bold hover:text-gray-600 text-amber-700"
                href="/login"
              >
                Sign in
              </a>
            </p>
          </div>
        </form>
      </div>
      ,
    </div>
  </body>,
  "container": <div>
    <div
      class="flex flex-col bg-clip-border rounded-xl text-gray-700 shadow-md max-w-sm mt-5 mx-auto bg-white/90 backdrop-blur-md relative top-6"
    >
      <div
        class="relative bg-clip-border mx-4 rounded-xl overflow-hidden bg-gradient-to-tr from-amber-600 to-amber-400 text-gray-700 shadow-amber-500/40 shadow-lg -mt-6 mb-4 grid h-28 place-items-center"
      >
        <h3
          class="block antialiased text-3xl leading-snug text-white font-osans uppercase tracking-widest font-light"
        >
          Register
        </h3>
      </div>
      <form
        action="#"
      >
        <div
          class="p-6 flex flex-col gap-4"
        >
          <div
            class="relative w-full min-w-[200px] h-11"
          >
            <input
              class="peer w-full h-full bg-transparent text-blue-gray-700 font-sans font-normal outline outline-0 focus:outline-0 disabled:bg-blue-gray-50 disabled:border-0 transition-all placeholder-shown:border placeholder-shown:border-blue-gray-200 placeholder-shown:border-t-blue-gray-200 border focus:border-2 border-t-transparent focus:border-t-transparent text-sm px-3 py-3 rounded-md border-blue-gray-200 focus:border-amber-500"
              name="name"
              placeholder=" "
              value=""
            />
            <label
              class="flex w-full h-full select-none pointer-events-none absolute left-0 font-normal peer-placeholder-shown:text-blue-gray-500 leading-tight peer-focus:leading-tight peer-disabled:text-transparent peer-disabled:peer-placeholder-shown:text-blue-gray-500 transition-all -top-1.5 peer-placeholder-shown:text-sm text-[11px] peer-focus:text-[11px] before:content[' '] before:block before:box-border before:w-2.5 before:h-1.5 before:mt-[6.5px] before:mr-1 peer-placeholder-shown:before:border-transparent before:rounded-tl-md before:border-t peer-focus:before:border-t-2 before:border-l peer-focus:before:border-l-2 before:pointer-events-none before:transition-all peer-disabled:before:border-transparent after:content[' '] after:block after:flex-grow after:box-border after:w-2.5 after:h-1.5 after:mt-[6.5px] after:ml-1 peer-placeholder-shown:after:border-transparent after:rounded-tr-md after:border-t peer-focus:after:border-t-2 after:border-r peer-focus:after:border-r-2 after:pointer-events-none after:transition-all peer-disabled:after:border-transparent peer-placeholder-shown:leading-[4.1] text-blue-gray-400 peer-focus:text-amber-500 before:border-blue-gray-200 peer-focus:before:border-amber-500 after:border-blue-gray-200 peer-focus:after:border-amber-500"
            >
              Name
               
            </label>
          </div>
          <div
            class="relative w-full min-w-[200px] h-11"
          >
            <input
              class="peer w-full h-full bg-transparent text-blue-gray-700 font-sans font-normal outline outline-0 focus:outline-0 disabled:bg-blue-gray-50 disabled:border-0 transition-all placeholder-shown:border placeholder-shown:border-blue-gray-200 placeholder-shown:border-t-blue-gray-200 border focus:border-2 border-t-transparent focus:border-t-transparent text-sm px-3 py-3 rounded-md border-blue-gray-200 focus:border-amber-500"
              name="email"
              placeholder=" "
              value=""
            />
            <label
              class="flex w-full h-full select-none pointer-events-none absolute left-0 font-normal peer-placeholder-shown:text-blue-gray-500 leading-tight peer-focus:leading-tight peer-disabled:text-transparent peer-disabled:peer-placeholder-shown:text-blue-gray-500 transition-all -top-1.5 peer-placeholder-shown:text-sm text-[11px] peer-focus:text-[11px] before:content[' '] before:block before:box-border before:w-2.5 before:h-1.5 before:mt-[6.5px] before:mr-1 peer-placeholder-shown:before:border-transparent before:rounded-tl-md before:border-t peer-focus:before:border-t-2 before:border-l peer-focus:before:border-l-2 before:pointer-events-none before:transition-all peer-disabled:before:border-transparent after:content[' '] after:block after:flex-grow after:box-border after:w-2.5 after:h-1.5 after:mt-[6.5px] after:ml-1 peer-placeholder-shown:after:border-transparent after:rounded-tr-md after:border-t peer-focus:after:border-t-2 after:border-r peer-focus:after:border-r-2 after:pointer-events-none after:transition-all peer-disabled:after:border-transparent peer-placeholder-shown:leading-[4.1] text-blue-gray-400 peer-focus:text-amber-500 before:border-blue-gray-200 peer-focus:before:border-amber-500 after:border-blue-gray-200 peer-focus:after:border-amber-500"
            >
              Email
               
            </label>
          </div>
          <div
            class="relative w-full min-w-[200px] h-11"
          >
            <input
              class="peer w-full h-full bg-transparent text-blue-gray-700 font-sans font-normal outline outline-0 focus:outline-0 disabled:bg-blue-gray-50 disabled:border-0 transition-all placeholder-shown:border placeholder-shown:border-blue-gray-200 placeholder-shown:border-t-blue-gray-200 border focus:border-2 border-t-transparent focus:border-t-transparent text-sm px-3 py-3 rounded-md border-blue-gray-200 focus:border-amber-500"
              name="password"
              placeholder=" "
              type="password"
              value=""
            />
            <label
              class="flex w-full h-full select-none pointer-events-none absolute left-0 font-normal peer-placeholder-shown:text-blue-gray-500 leading-tight peer-focus:leading-tight peer-disabled:text-transparent peer-disabled:peer-placeholder-shown:text-blue-gray-500 transition-all -top-1.5 peer-placeholder-shown:text-sm text-[11px] peer-focus:text-[11px] before:content[' '] before:block before:box-border before:w-2.5 before:h-1.5 before:mt-[6.5px] before:mr-1 peer-placeholder-shown:before:border-transparent before:rounded-tl-md before:border-t peer-focus:before:border-t-2 before:border-l peer-focus:before:border-l-2 before:pointer-events-none before:transition-all peer-disabled:before:border-transparent after:content[' '] after:block after:flex-grow after:box-border after:w-2.5 after:h-1.5 after:mt-[6.5px] after:ml-1 peer-placeholder-shown:after:border-transparent after:rounded-tr-md after:border-t peer-focus:after:border-t-2 after:border-r peer-focus:after:border-r-2 after:pointer-events-none after:transition-all peer-disabled:after:border-transparent peer-placeholder-shown:leading-[4.1] text-blue-gray-400 peer-focus:text-amber-500 before:border-blue-gray-200 peer-focus:before:border-amber-500 after:border-blue-gray-200 peer-focus:after:border-amber-500"
            >
              Password
               
            </label>
          </div>
          <div
            class="relative w-full min-w-[200px] h-11"
          >
            <input
              class="peer w-full h-full bg-transparent text-blue-gray-700 font-sans font-normal outline outline-0 focus:outline-0 disabled:bg-blue-gray-50 disabled:border-0 transition-all placeholder-shown:border placeholder-shown:border-blue-gray-200 placeholder-shown:border-t-blue-gray-200 border focus:border-2 border-t-transparent focus:border-t-transparent text-sm px-3 py-3 rounded-md border-blue-gray-200 focus:border-amber-500"
              name="passwordConfirmation"
              placeholder=" "
              type="password"
              value=""
            />
            <label
              class="flex w-full h-full select-none pointer-events-none absolute left-0 font-normal peer-placeholder-shown:text-blue-gray-500 leading-tight peer-focus:leading-tight peer-disabled:text-transparent peer-disabled:peer-placeholder-shown:text-blue-gray-500 transition-all -top-1.5 peer-placeholder-shown:text-sm text-[11px] peer-focus:text-[11px] before:content[' '] before:block before:box-border before:w-2.5 before:h-1.5 before:mt-[6.5px] before:mr-1 peer-placeholder-shown:before:border-transparent before:rounded-tl-md before:border-t peer-focus:before:border-t-2 before:border-l peer-focus:before:border-l-2 before:pointer-events-none before:transition-all peer-disabled:before:border-transparent after:content[' '] after:block after:flex-grow after:box-border after:w-2.5 after:h-1.5 after:mt-[6.5px] after:ml-1 peer-placeholder-shown:after:border-transparent after:rounded-tr-md after:border-t peer-focus:after:border-t-2 after:border-r peer-focus:after:border-r-2 after:pointer-events-none after:transition-all peer-disabled:after:border-transparent peer-placeholder-shown:leading-[4.1] text-blue-gray-400 peer-focus:text-amber-500 before:border-blue-gray-200 peer-focus:before:border-amber-500 after:border-blue-gray-200 peer-focus:after:border-amber-500"
            >
              Confirm Password
               
            </label>
          </div>
        </div>
        <div
          class="p-6 pt-0"
        >
          <button
            class="middle none font-sans font-bold center uppercase transition-all disabled:opacity-50 disabled:shadow-none disabled:pointer-events-none text-xs py-3 px-6 rounded-lg bg-gradient-to-tr from-amber-600 to-amber-400 text-black shadow-md shadow-amber-500/20 hover:shadow-lg hover:shadow-amber-500/40 active:opacity-[0.85] w-full flex justify-center items-center"
            disabled=""
            type="submit"
          >
            <span>
              Register
            </span>
          </button>
          <p
            class="antialiased font-sans text-sm font-light leading-normal text-inherit mt-6 flex justify-center"
          >
            Have have an account?
            <a
              class="ml-1 font-bold hover:text-gray-600 text-amber-700"
              href="/login"
            >
              Sign in
            </a>
          </p>
        </div>
      </form>
    </div>
    ,
  </div>,
  "debug": [Function],
  "findAllByAltText": [Function],
  "findAllByDisplayValue": [Function],
  "findAllByLabelText": [Function],
  "findAllByPlaceholderText": [Function],
  "findAllByRole": [Function],
  "findAllByTestId": [Function],
  "findAllByText": [Function],
  "findAllByTitle": [Function],
  "findByAltText": [Function],
  "findByDisplayValue": [Function],
  "findByLabelText": [Function],
  "findByPlaceholderText": [Function],
  "findByRole": [Function],
  "findByTestId": [Function],
  "findByText": [Function],
  "findByTitle": [Function],
  "getAllByAltText": [Function],
  "getAllByDisplayValue": [Function],
  "getAllByLabelText": [Function],
  "getAllByPlaceholderText": [Function],
  "getAllByRole": [Function],
  "getAllByTestId": [Function],
  "getAllByText": [Function],
  "getAllByTitle": [Function],
  "getByAltText": [Function],
  "getByDisplayValue": [Function],
  "getByLabelText": [Function],
  "getByPlaceholderText": [Function],
  "getByRole": [Function],
  "getByTestId": [Function],
  "getByText": [Function],
  "getByTitle": [Function],
  "queryAllByAltText": [Function],
  "queryAllByDisplayValue": [Function],
  "queryAllByLabelText": [Function],
  "queryAllByPlaceholderText": [Function],
  "queryAllByRole": [Function],
  "queryAllByTestId": [Function],
  "queryAllByText": [Function],
  "queryAllByTitle": [Function],
  "queryByAltText": [Function],
  "queryByDisplayValue": [Function],
  "queryByLabelText": [Function],
  "queryByPlaceholderText": [Function],
  "queryByRole": [Function],
  "queryByTestId": [Function],
  "queryByText": [Function],
  "queryByTitle": [Function],
  "rerender": [Function],
  "unmount": [Function],
}
`;
