// Jest Snapshot v1, https://goo.gl/fbAQLP

exports[`Reservation component Should render the proper Reservation component 1`] = `
Object {
  "asFragment": [Function],
  "baseElement": <body>
    <div>
      <div
        class="max-w-sm mt-3 mb-5 mx-auto flex flex-col gap-y-12 h-[95%]"
      >
        <div>
          <h1
            class="block antialiased text-inherit uppercase font-osans font-extralight tracking-widest mb-3 text-center text-[1.37rem] leading-7 sm:text-2xl md:text-3xl border-b-2 pb-2"
          >
            reservations
          </h1>
        </div>
        <div
          class="relative flex flex-col bg-clip-border rounded-xl bg-white text-gray-700 shadow-md max-w-sm my-auto h-32"
        >
          <div
            class="p-6 text-center font-bold my-auto text-2xl"
          >
             
            No Reservations
             
          </div>
        </div>
      </div>
      ,
    </div>
  </body>,
  "container": <div>
    <div
      class="max-w-sm mt-3 mb-5 mx-auto flex flex-col gap-y-12 h-[95%]"
    >
      <div>
        <h1
          class="block antialiased text-inherit uppercase font-osans font-extralight tracking-widest mb-3 text-center text-[1.37rem] leading-7 sm:text-2xl md:text-3xl border-b-2 pb-2"
        >
          reservations
        </h1>
      </div>
      <div
        class="relative flex flex-col bg-clip-border rounded-xl bg-white text-gray-700 shadow-md max-w-sm my-auto h-32"
      >
        <div
          class="p-6 text-center font-bold my-auto text-2xl"
        >
           
          No Reservations
           
        </div>
      </div>
    </div>
    ,
  </div>,
  "debug": [Function],
  "findAllByAltText": [Function],
  "findAllByDisplayValue": [Function],
  "findAllByLabelText": [Function],
  "findAllByPlaceholderText": [Function],
  "findAllByRole": [Function],
  "findAllByTestId": [Function],
  "findAllByText": [Function],
  "findAllByTitle": [Function],
  "findByAltText": [Function],
  "findByDisplayValue": [Function],
  "findByLabelText": [Function],
  "findByPlaceholderText": [Function],
  "findByRole": [Function],
  "findByTestId": [Function],
  "findByText": [Function],
  "findByTitle": [Function],
  "getAllByAltText": [Function],
  "getAllByDisplayValue": [Function],
  "getAllByLabelText": [Function],
  "getAllByPlaceholderText": [Function],
  "getAllByRole": [Function],
  "getAllByTestId": [Function],
  "getAllByText": [Function],
  "getAllByTitle": [Function],
  "getByAltText": [Function],
  "getByDisplayValue": [Function],
  "getByLabelText": [Function],
  "getByPlaceholderText": [Function],
  "getByRole": [Function],
  "getByTestId": [Function],
  "getByText": [Function],
  "getByTitle": [Function],
  "queryAllByAltText": [Function],
  "queryAllByDisplayValue": [Function],
  "queryAllByLabelText": [Function],
  "queryAllByPlaceholderText": [Function],
  "queryAllByRole": [Function],
  "queryAllByTestId": [Function],
  "queryAllByText": [Function],
  "queryAllByTitle": [Function],
  "queryByAltText": [Function],
  "queryByDisplayValue": [Function],
  "queryByLabelText": [Function],
  "queryByPlaceholderText": [Function],
  "queryByRole": [Function],
  "queryByTestId": [Function],
  "queryByText": [Function],
  "queryByTitle": [Function],
  "rerender": [Function],
  "unmount": [Function],
}
`;
